mode: atomic
homelab/ignite/internal/tfsource/tfsource.go:44.40,46.16 2 1
homelab/ignite/internal/tfsource/tfsource.go:46.16,48.3 1 0
homelab/ignite/internal/tfsource/tfsource.go:49.2,50.57 2 1
homelab/ignite/internal/tfsource/tfsource.go:50.57,51.54 1 23
homelab/ignite/internal/tfsource/tfsource.go:51.54,52.12 1 1
homelab/ignite/internal/tfsource/tfsource.go:54.3,55.22 2 22
homelab/ignite/internal/tfsource/tfsource.go:57.2,57.26 1 1
homelab/ignite/internal/tfsource/tfsource.go:62.51,64.16 2 7
homelab/ignite/internal/tfsource/tfsource.go:64.16,66.3 1 0
homelab/ignite/internal/tfsource/tfsource.go:67.2,68.16 2 7
homelab/ignite/internal/tfsource/tfsource.go:69.9,70.59 1 1
homelab/ignite/internal/tfsource/tfsource.go:71.9,72.22 1 5
homelab/ignite/internal/tfsource/tfsource.go:73.10,76.93 1 1
homelab/ignite/internal/tfsource/tfsource.go:81.41,83.16 2 5
homelab/ignite/internal/tfsource/tfsource.go:83.16,85.3 1 2
homelab/ignite/internal/tfsource/tfsource.go:86.2,87.16 2 3
homelab/ignite/internal/tfsource/tfsource.go:87.16,89.3 1 1
homelab/ignite/internal/tfsource/tfsource.go:90.2,90.15 1 2
homelab/ignite/internal/tfsource/tfsource.go:94.47,96.16 2 2
homelab/ignite/internal/tfsource/tfsource.go:96.16,98.3 1 0
homelab/ignite/internal/tfsource/tfsource.go:99.2,99.61 1 2
homelab/ignite/internal/tfsource/tfsource.go:99.61,101.3 1 1
homelab/ignite/internal/tfsource/tfsource.go:102.2,102.33 1 1
homelab/ignite/internal/tfsource/tfsource.go:111.55,114.16 3 2
homelab/ignite/internal/tfsource/tfsource.go:114.16,116.3 1 0
homelab/ignite/internal/tfsource/tfsource.go:120.2,123.25 4 2
homelab/ignite/internal/tfsource/tfsource.go:123.25,124.12 1 171
homelab/ignite/internal/tfsource/tfsource.go:125.12,126.11 1 3
homelab/ignite/internal/tfsource/tfsource.go:127.12,129.18 2 3
homelab/ignite/internal/tfsource/tfsource.go:129.18,131.5 1 2
homelab/ignite/internal/tfsource/tfsource.go:133.3,133.15 1 171
homelab/ignite/internal/tfsource/tfsource.go:133.15,134.9 1 2
homelab/ignite/internal/tfsource/tfsource.go:137.2,137.13 1 2
homelab/ignite/internal/tfsource/tfsource.go:137.13,139.3 1 0
homelab/ignite/internal/tfsource/tfsource.go:141.2,142.68 2 2
homelab/ignite/internal/tfsource/tfsource.go:142.68,144.3 1 5
homelab/ignite/internal/tfsource/tfsource.go:145.2,145.19 1 2
homelab/ignite/internal/tfsource/tfsource.go:145.19,147.3 1 0
homelab/ignite/internal/tfsource/tfsource.go:148.2,148.17 1 2
homelab/ignite/main.go:43.24,45.9 2 0
homelab/ignite/main.go:45.9,46.59 1 0
homelab/ignite/main.go:48.2,48.59 1 0
homelab/ignite/main.go:51.13,63.16 11 0
homelab/ignite/main.go:63.16,66.3 2 0
homelab/ignite/main.go:67.2,67.18 1 0
homelab/ignite/main.go:67.18,68.56 1 0
homelab/ignite/main.go:68.56,68.81 1 0
homelab/ignite/main.go:71.2,71.13 1 0
homelab/ignite/main.go:71.13,74.27 3 0
homelab/ignite/main.go:74.27,76.4 1 0
homelab/ignite/main.go:77.3,78.9 2 0
homelab/ignite/main.go:81.2,93.19 9 0
homelab/ignite/main.go:93.19,97.24 3 0
homelab/ignite/main.go:97.24,101.4 3 0
homelab/ignite/main.go:106.3,107.40 2 0
homelab/ignite/main.go:107.40,109.4 1 0
homelab/ignite/main.go:110.3,110.22 1 0
homelab/ignite/main.go:110.22,112.4 1 0
homelab/ignite/main.go:113.3,113.13 1 0
homelab/ignite/main.go:116.2,124.77 4 0
homelab/ignite/main.go:124.77,126.3 1 0
homelab/ignite/main.go:129.57,130.9 1 10
homelab/ignite/main.go:131.19,132.48 1 4
homelab/ignite/main.go:132.48,134.4 1 2
homelab/ignite/main.go:135.3,135.30 1 2
homelab/ignite/main.go:136.18,138.12 2 4
homelab/ignite/main.go:138.12,140.4 1 1
homelab/ignite/main.go:141.3,141.49 1 3
homelab/ignite/main.go:142.10,143.45 1 2
homelab/ignite/main.go:147.56,148.26 1 0
homelab/ignite/main.go:148.26,149.44 1 0
homelab/ignite/main.go:149.44,151.4 1 0
homelab/ignite/main.go:153.2,153.12 1 0
homelab/ignite/main.go:179.63,185.12 5 0
homelab/ignite/main.go:185.12,185.49 1 0
homelab/ignite/main.go:187.2,187.9 1 0
homelab/ignite/main.go:188.25,189.13 1 0
homelab/ignite/main.go:190.22,194.46 4 0
homelab/ignite/internal/run/adopt.go:19.96,20.34 1 0
homelab/ignite/internal/run/adopt.go:20.34,22.3 1 0
homelab/ignite/internal/run/adopt.go:24.2,25.16 2 0
homelab/ignite/internal/run/adopt.go:25.16,27.3 1 0
homelab/ignite/internal/run/adopt.go:28.2,28.20 1 0
homelab/ignite/internal/run/adopt.go:28.20,30.3 1 0
homelab/ignite/internal/run/adopt.go:32.2,33.87 2 0
homelab/ignite/internal/run/adopt.go:36.56,39.2 2 0
homelab/ignite/internal/run/context.go:30.49,47.2 3 0
homelab/ignite/internal/run/exec.go:21.50,28.32 6 0
homelab/ignite/internal/run/exec.go:28.32,30.3 1 0
homelab/ignite/internal/run/exec.go:31.2,31.12 1 0
homelab/ignite/internal/run/exec.go:38.79,46.32 7 0
homelab/ignite/internal/run/exec.go:46.32,48.3 1 0
homelab/ignite/internal/run/exec.go:49.2,49.12 1 0
homelab/ignite/internal/run/exec.go:56.66,65.2 7 0
homelab/ignite/internal/run/exec.go:68.60,69.61 1 0
homelab/ignite/internal/run/exec.go:69.61,71.3 1 0
homelab/ignite/internal/run/exec.go:72.2,72.12 1 0
homelab/ignite/internal/run/exec.go:76.68,78.28 2 0
homelab/ignite/internal/run/exec.go:78.28,80.3 1 0
homelab/ignite/internal/run/exec.go:81.2,81.33 1 0
homelab/ignite/internal/run/exec.go:88.35,90.17 2 0
homelab/ignite/internal/run/exec.go:90.17,92.3 1 0
homelab/ignite/internal/run/exec.go:93.2,94.16 2 0
homelab/ignite/internal/run/exec.go:94.16,96.3 1 0
homelab/ignite/internal/run/exec.go:97.2,97.18 1 0
homelab/ignite/internal/run/exec.go:97.18,106.3 1 0
homelab/ignite/internal/run/exec.go:107.2,107.57 1 0
homelab/ignite/internal/run/exec.go:112.63,114.48 2 0
homelab/ignite/internal/run/exec.go:114.48,116.3 1 0
homelab/ignite/internal/run/exec.go:117.2,117.17 1 0
homelab/ignite/internal/run/exec.go:123.40,124.41 1 4
homelab/ignite/internal/run/exec.go:124.41,125.25 1 2
homelab/ignite/internal/run/exec.go:125.25,127.4 1 2
homelab/ignite/internal/run/exec.go:128.3,128.13 1 0
homelab/ignite/internal/run/exec.go:130.2,130.40 1 2
homelab/ignite/internal/run/exec.go:130.40,132.3 1 1
homelab/ignite/internal/run/exec.go:133.2,134.12 2 1
homelab/ignite/internal/run/exec.go:137.39,139.11 2 5
homelab/ignite/internal/run/exec.go:139.11,141.3 1 2
homelab/ignite/internal/run/exec.go:142.2,142.19 1 3
homelab/ignite/internal/run/log.go:23.43,31.2 7 0
homelab/ignite/internal/run/log.go:33.23,33.55 1 1
homelab/ignite/internal/run/log.go:34.23,34.85 1 0
homelab/ignite/internal/run/log.go:35.23,35.86 1 0
homelab/ignite/internal/run/log.go:36.23,36.85 1 0
homelab/ignite/internal/run/net.go:12.66,14.16 2 9
homelab/ignite/internal/run/net.go:14.16,16.3 1 7
homelab/ignite/internal/run/net.go:17.2,18.13 2 2
homelab/ignite/internal/run/net.go:22.79,24.34 2 2
homelab/ignite/internal/run/net.go:24.34,25.42 1 7
homelab/ignite/internal/run/net.go:25.42,27.4 1 1
homelab/ignite/internal/run/net.go:28.3,28.23 1 6
homelab/ignite/internal/run/net.go:30.2,30.14 1 1
homelab/ignite/internal/run/net.go:36.29,38.2 1 0
homelab/ignite/internal/phases/backup.go:16.37,20.16 3 0
homelab/ignite/internal/phases/backup.go:20.16,22.3 1 0
homelab/ignite/internal/phases/backup.go:23.2,24.9 2 0
homelab/ignite/internal/phases/backup.go:24.9,26.3 1 0
homelab/ignite/internal/phases/backup.go:27.2,34.4 2 0
homelab/ignite/internal/phases/backup.go:34.4,35.35 1 0
homelab/ignite/internal/phases/backup.go:35.35,37.4 1 0
homelab/ignite/internal/phases/backup.go:39.2,39.57 1 0
homelab/ignite/internal/phases/backup.go:39.57,50.3 1 0
homelab/ignite/internal/phases/backup.go:52.2,52.49 1 0
homelab/ignite/internal/phases/backup.go:52.49,53.48 1 0
homelab/ignite/internal/phases/backup.go:53.48,55.4 1 0
homelab/ignite/internal/phases/backup.go:58.2,61.15 4 0
homelab/ignite/internal/phases/backup.go:61.15,66.3 2 0
homelab/ignite/internal/phases/backup.go:71.2,73.16 3 0
homelab/ignite/internal/phases/backup.go:73.16,75.3 1 0
homelab/ignite/internal/phases/backup.go:76.2,76.22 1 0
homelab/ignite/internal/phases/backup.go:76.22,78.3 1 0
homelab/ignite/internal/phases/backup.go:79.2,79.69 1 0
homelab/ignite/internal/phases/backup.go:79.69,81.3 1 0
homelab/ignite/internal/phases/backup.go:83.2,84.32 2 0
homelab/ignite/internal/phases/backup.go:84.32,86.3 1 0
homelab/ignite/internal/phases/backup.go:87.2,88.131 2 0
homelab/ignite/internal/phases/backup.go:88.131,90.3 1 0
homelab/ignite/internal/phases/backup.go:95.2,106.140 4 0
homelab/ignite/internal/phases/backup.go:106.140,108.3 1 0
homelab/ignite/internal/phases/backup.go:109.2,110.121 2 0
homelab/ignite/internal/phases/backup.go:110.121,112.3 1 0
homelab/ignite/internal/phases/backup.go:114.2,129.12 3 0
homelab/ignite/internal/phases/cluster.go:13.38,17.123 3 0
homelab/ignite/internal/phases/cluster.go:17.123,19.3 1 0
homelab/ignite/internal/phases/cluster.go:21.2,22.101 2 0
homelab/ignite/internal/phases/cluster.go:22.101,24.3 1 0
homelab/ignite/internal/phases/cluster.go:26.2,26.51 1 0
homelab/ignite/internal/phases/cluster.go:26.51,28.3 1 0
homelab/ignite/internal/phases/cluster.go:33.2,34.64 2 0
homelab/ignite/internal/phases/cluster.go:34.64,36.3 1 0
homelab/ignite/internal/phases/cluster.go:38.2,39.12 2 0
homelab/ignite/internal/phases/cluster.go:45.52,47.16 2 0
homelab/ignite/internal/phases/cluster.go:47.16,49.3 1 0
homelab/ignite/internal/phases/cluster.go:50.2,52.89 2 0
homelab/ignite/internal/phases/cluster.go:52.89,54.28 2 0
homelab/ignite/internal/phases/cluster.go:54.28,56.4 1 0
homelab/ignite/internal/phases/cluster.go:57.3,57.77 1 0
homelab/ignite/internal/phases/cluster.go:64.60,69.16 4 0
homelab/ignite/internal/phases/cluster.go:69.16,71.3 1 0
homelab/ignite/internal/phases/cluster.go:72.2,75.16 3 0
homelab/ignite/internal/phases/cluster.go:75.16,77.3 1 0
homelab/ignite/internal/phases/cluster.go:78.2,80.25 2 0
homelab/ignite/internal/phases/cluster.go:81.21,82.19 1 0
homelab/ignite/internal/phases/cluster.go:83.27,87.20 1 0
homelab/ignite/internal/phases/cluster.go:88.10,89.79 1 0
homelab/ignite/internal/phases/compute.go:19.38,42.16 4 0
homelab/ignite/internal/phases/compute.go:42.16,44.3 1 0
homelab/ignite/internal/phases/compute.go:45.2,46.16 2 0
homelab/ignite/internal/phases/compute.go:46.16,48.3 1 0
homelab/ignite/internal/phases/compute.go:49.2,49.70 1 0
homelab/ignite/internal/phases/compute.go:49.70,51.3 1 0
homelab/ignite/internal/phases/compute.go:52.2,52.72 1 0
homelab/ignite/internal/phases/compute.go:52.72,54.3 1 0
homelab/ignite/internal/phases/compute.go:56.2,57.42 2 0
homelab/ignite/internal/phases/compute.go:57.42,59.3 1 0
homelab/ignite/internal/phases/compute.go:61.2,62.16 2 0
homelab/ignite/internal/phases/compute.go:62.16,64.3 1 0
homelab/ignite/internal/phases/compute.go:65.2,66.16 2 0
homelab/ignite/internal/phases/compute.go:66.16,68.3 1 0
homelab/ignite/internal/phases/compute.go:70.2,70.62 1 0
homelab/ignite/internal/phases/compute.go:70.62,72.3 1 0
homelab/ignite/internal/phases/compute.go:82.2,85.16 2 0
homelab/ignite/internal/phases/compute.go:85.16,87.3 1 0
homelab/ignite/internal/phases/compute.go:88.2,91.16 2 0
homelab/ignite/internal/phases/compute.go:91.16,93.3 1 0
homelab/ignite/internal/phases/compute.go:94.2,97.16 2 0
homelab/ignite/internal/phases/compute.go:97.16,99.3 1 0
homelab/ignite/internal/phases/compute.go:100.2,104.35 2 0
homelab/ignite/internal/phases/compute.go:104.35,106.67 2 0
homelab/ignite/internal/phases/compute.go:106.67,115.4 1 0
homelab/ignite/internal/phases/compute.go:116.3,116.46 1 0
homelab/ignite/internal/phases/compute.go:118.2,118.12 1 0
homelab/ignite/internal/phases/compute.go:134.98,139.66 4 0
homelab/ignite/internal/phases/compute.go:139.66,141.32 2 0
homelab/ignite/internal/phases/compute.go:141.32,143.4 1 0
homelab/ignite/internal/phases/compute.go:146.3,146.40 1 0
homelab/ignite/internal/phases/compute.go:154.81,169.16 4 0
homelab/ignite/internal/phases/compute.go:169.16,171.3 1 0
homelab/ignite/internal/phases/compute.go:172.2,175.16 3 0
homelab/ignite/internal/phases/compute.go:175.16,177.3 1 0
homelab/ignite/internal/phases/compute.go:178.2,181.16 3 0
homelab/ignite/internal/phases/compute.go:181.16,183.3 1 0
homelab/ignite/internal/phases/compute.go:184.2,184.38 1 0
homelab/ignite/internal/phases/compute.go:184.38,186.3 1 0
homelab/ignite/internal/phases/compute.go:188.2,193.54 2 0
homelab/ignite/internal/phases/compute.go:193.54,195.3 1 0
homelab/ignite/internal/phases/compute.go:197.2,197.35 1 0
homelab/ignite/internal/phases/compute.go:197.35,200.115 1 0
homelab/ignite/internal/phases/compute.go:200.115,202.4 1 0
homelab/ignite/internal/phases/compute.go:204.2,204.16 1 0
homelab/ignite/internal/phases/hypervisor.go:13.41,16.49 2 0
homelab/ignite/internal/phases/hypervisor.go:16.49,18.3 1 0
homelab/ignite/internal/phases/hypervisor.go:20.2,21.16 2 0
homelab/ignite/internal/phases/hypervisor.go:21.16,23.3 1 0
homelab/ignite/internal/phases/hypervisor.go:24.2,25.16 2 0
homelab/ignite/internal/phases/hypervisor.go:25.16,27.3 1 0
homelab/ignite/internal/phases/hypervisor.go:29.2,30.36 2 0
homelab/ignite/internal/phases/hypervisor.go:30.36,32.3 1 0
homelab/ignite/internal/phases/hypervisor.go:33.2,33.21 1 0
homelab/ignite/internal/phases/hypervisor.go:33.21,35.3 1 0
homelab/ignite/internal/phases/hypervisor.go:37.2,39.9 3 0
homelab/ignite/internal/phases/hypervisor.go:40.23,41.81 1 0
homelab/ignite/internal/phases/hypervisor.go:42.24,43.101 1 0
homelab/ignite/internal/phases/hypervisor.go:46.2,46.52 1 0
homelab/ignite/internal/phases/hypervisor.go:46.52,48.3 1 0
homelab/ignite/internal/phases/hypervisor.go:50.2,51.41 2 0
homelab/ignite/internal/phases/hypervisor.go:51.41,53.3 1 0
homelab/ignite/internal/phases/hypervisor.go:54.2,54.21 1 0
homelab/ignite/internal/phases/hypervisor.go:54.21,56.3 1 0
homelab/ignite/internal/phases/hypervisor.go:57.2,57.21 1 0
homelab/ignite/internal/phases/hypervisor.go:57.21,59.3 1 0
homelab/ignite/internal/phases/hypervisor.go:61.2,62.74 2 0
homelab/ignite/internal/phases/hypervisor.go:62.74,64.3 1 0
homelab/ignite/internal/phases/hypervisor.go:66.2,67.12 2 0
homelab/ignite/internal/phases/migrate.go:17.38,25.16 3 0
homelab/ignite/internal/phases/migrate.go:25.16,27.3 1 0
homelab/ignite/internal/phases/migrate.go:29.2,30.14 2 0
homelab/ignite/internal/phases/migrate.go:30.14,32.3 1 0
homelab/ignite/internal/phases/migrate.go:33.2,37.70 4 0
homelab/ignite/internal/phases/migrate.go:37.70,39.3 1 0
homelab/ignite/internal/phases/migrate.go:40.2,45.68 3 0
homelab/ignite/internal/phases/migrate.go:45.68,47.3 1 0
homelab/ignite/internal/phases/migrate.go:49.2,53.16 2 0
homelab/ignite/internal/phases/migrate.go:53.16,55.3 1 0
homelab/ignite/internal/phases/migrate.go:57.2,58.12 2 0
homelab/ignite/internal/phases/migrate.go:61.38,63.16 2 0
homelab/ignite/internal/phases/migrate.go:63.16,65.3 1 0
homelab/ignite/internal/phases/migrate.go:66.2,68.16 3 0
homelab/ignite/internal/phases/migrate.go:68.16,70.3 1 0
homelab/ignite/internal/phases/migrate.go:71.2,73.12 3 0
homelab/ignite/internal/phases/overlay.go:12.38,16.42 3 0
homelab/ignite/internal/phases/overlay.go:16.42,18.3 1 0
homelab/ignite/internal/phases/overlay.go:23.2,24.111 2 0
homelab/ignite/internal/phases/overlay.go:24.111,26.3 1 0
homelab/ignite/internal/phases/overlay.go:28.2,29.16 2 0
homelab/ignite/internal/phases/overlay.go:29.16,31.3 1 0
homelab/ignite/internal/phases/overlay.go:32.2,33.16 2 0
homelab/ignite/internal/phases/overlay.go:33.16,35.3 1 0
homelab/ignite/internal/phases/overlay.go:39.2,41.78 3 0
homelab/ignite/internal/phases/overlay.go:41.78,43.3 1 0
homelab/ignite/internal/phases/overlay.go:45.2,46.12 2 0
homelab/ignite/internal/phases/registry.go:12.47,13.14 1 0
homelab/ignite/internal/phases/registry.go:14.16,15.21 1 0
homelab/ignite/internal/phases/registry.go:16.17,17.22 1 0
homelab/ignite/internal/phases/registry.go:18.20,19.25 1 0
homelab/ignite/internal/phases/registry.go:20.16,21.21 1 0
homelab/ignite/internal/phases/registry.go:22.17,23.22 1 0
homelab/ignite/internal/phases/registry.go:24.17,25.22 1 0
homelab/ignite/internal/phases/registry.go:26.17,27.22 1 0
homelab/ignite/internal/phases/registry.go:28.16,29.21 1 0
homelab/ignite/internal/phases/registry.go:30.19,31.31 1 0
homelab/ignite/internal/phases/registry.go:32.10,33.34 1 0
homelab/ignite/internal/phases/render.go:14.37,17.30 2 0
homelab/ignite/internal/phases/render.go:17.30,19.3 1 0
homelab/ignite/internal/phases/render.go:24.2,24.29 1 0
homelab/ignite/internal/phases/render.go:24.29,27.30 3 0
homelab/ignite/internal/phases/render.go:27.30,34.4 1 0
homelab/ignite/internal/phases/render.go:36.2,36.72 1 0
homelab/ignite/internal/phases/render.go:36.72,38.3 1 0
homelab/ignite/internal/phases/render.go:40.2,41.78 2 0
homelab/ignite/internal/phases/render.go:41.78,43.3 1 0
homelab/ignite/internal/phases/render.go:48.2,49.16 2 0
homelab/ignite/internal/phases/render.go:49.16,51.3 1 0
homelab/ignite/internal/phases/render.go:52.2,53.16 2 0
homelab/ignite/internal/phases/render.go:53.16,55.3 1 0
homelab/ignite/internal/phases/render.go:57.2,60.36 4 0
homelab/ignite/internal/phases/render.go:60.36,64.3 3 0
homelab/ignite/internal/phases/render.go:65.2,65.84 1 0
homelab/ignite/internal/phases/render.go:65.84,67.3 1 0
homelab/ignite/internal/phases/render.go:71.2,80.76 3 0
homelab/ignite/internal/phases/render.go:80.76,82.3 1 0
homelab/ignite/internal/phases/render.go:84.2,84.95 1 0
homelab/ignite/internal/phases/render.go:84.95,86.3 1 0
homelab/ignite/internal/phases/render.go:87.2,88.12 2 0
homelab/ignite/internal/phases/sterilize.go:14.52,15.12 1 0
homelab/ignite/internal/phases/sterilize.go:15.12,17.3 1 0
homelab/ignite/internal/phases/sterilize.go:19.2,28.28 2 0
homelab/ignite/internal/phases/sterilize.go:28.28,29.47 1 0
homelab/ignite/internal/phases/sterilize.go:29.47,31.4 1 0
homelab/ignite/internal/phases/sterilize.go:33.2,34.12 2 0
homelab/ignite/internal/phases/sterilize.go:48.46,51.52 2 0
homelab/ignite/internal/phases/sterilize.go:51.52,53.52 2 0
homelab/ignite/internal/phases/sterilize.go:53.52,57.4 3 0
homelab/ignite/internal/phases/sterilize.go:58.3,58.41 1 0
homelab/ignite/internal/phases/sterilize.go:61.2,61.51 1 0
homelab/ignite/internal/phases/sterilize.go:61.51,65.3 3 0
homelab/ignite/internal/phases/sterilize.go:67.2,67.100 1 0
homelab/ignite/internal/phases/sterilize.go:67.100,71.3 3 0
homelab/ignite/internal/phases/sterilize.go:72.2,73.13 2 0
homelab/ignite/internal/phases/sterilize.go:80.52,82.16 2 0
homelab/ignite/internal/phases/sterilize.go:82.16,84.3 1 0
homelab/ignite/internal/phases/sterilize.go:86.2,87.65 2 0
homelab/ignite/internal/phases/sterilize.go:87.65,89.3 1 0
homelab/ignite/internal/phases/sterilize.go:91.2,91.51 1 0
homelab/ignite/internal/phases/sterilize.go:91.51,93.3 1 0
homelab/ignite/internal/phases/sterilize.go:95.2,98.3 1 0
homelab/ignite/internal/phases/sterilize.go:129.86,131.16 2 0
homelab/ignite/internal/phases/sterilize.go:131.16,133.3 1 0
homelab/ignite/internal/phases/sterilize.go:134.2,135.9 2 0
homelab/ignite/internal/phases/sterilize.go:135.9,137.3 1 0
homelab/ignite/internal/phases/sterilize.go:139.2,143.44 3 0
homelab/ignite/internal/phases/verify.go:12.37,16.16 3 0
homelab/ignite/internal/phases/verify.go:16.16,18.3 1 0
homelab/ignite/internal/phases/verify.go:19.2,20.16 2 0
homelab/ignite/internal/phases/verify.go:20.16,22.3 1 0
homelab/ignite/internal/phases/verify.go:23.2,27.50 4 0
homelab/ignite/internal/phases/verify.go:27.50,29.3 1 0
homelab/ignite/internal/phases/verify.go:30.2,33.24 3 0
homelab/ignite/internal/phases/verify.go:33.24,54.3 3 0
homelab/ignite/internal/phases/verify.go:55.2,56.12 2 0
homelab/ignite/internal/config/config.go:108.49,110.16 2 10
homelab/ignite/internal/config/config.go:110.16,112.3 1 0
homelab/ignite/internal/config/config.go:113.2,114.51 2 10
homelab/ignite/internal/config/config.go:114.51,116.3 1 0
homelab/ignite/internal/config/config.go:117.2,117.18 1 10
homelab/ignite/internal/config/config.go:147.73,148.25 1 27
homelab/ignite/internal/config/config.go:148.25,150.3 1 1
homelab/ignite/internal/config/config.go:151.2,152.9 2 26
homelab/ignite/internal/config/config.go:152.9,154.28 2 2
homelab/ignite/internal/config/config.go:154.28,156.4 1 2
homelab/ignite/internal/config/config.go:157.3,158.103 2 2
homelab/ignite/internal/config/config.go:163.2,164.32 2 24
homelab/ignite/internal/config/config.go:164.32,166.3 1 26
homelab/ignite/internal/config/config.go:167.2,168.32 2 24
homelab/ignite/internal/config/config.go:168.32,169.20 1 24
homelab/ignite/internal/config/config.go:169.20,171.4 1 2
homelab/ignite/internal/config/config.go:173.2,173.20 1 24
homelab/ignite/internal/config/config.go:173.20,176.3 2 2
homelab/ignite/internal/config/config.go:177.2,177.52 1 22
homelab/ignite/internal/config/config.go:177.52,179.3 1 5
homelab/ignite/internal/config/config.go:188.2,200.79 3 17
homelab/ignite/internal/config/config.go:200.79,202.32 2 41
homelab/ignite/internal/config/config.go:202.32,204.4 1 1
homelab/ignite/internal/config/config.go:205.3,205.49 1 40
homelab/ignite/internal/config/config.go:205.49,207.4 1 2
homelab/ignite/internal/config/config.go:208.3,208.32 1 38
homelab/ignite/internal/config/config.go:208.32,210.4 1 4
homelab/ignite/internal/config/config.go:217.2,217.124 1 10
homelab/ignite/internal/config/config.go:217.124,219.3 1 3
homelab/ignite/internal/config/config.go:221.2,222.39 2 7
homelab/ignite/internal/config/config.go:222.39,224.3 1 5
homelab/ignite/internal/config/config.go:225.2,227.29 3 7
homelab/ignite/internal/config/config.go:227.29,229.3 1 5
homelab/ignite/internal/config/config.go:230.2,230.21 1 7
homelab/ignite/internal/config/config.go:230.21,232.3 1 2
homelab/ignite/internal/config/config.go:233.2,233.32 1 5
homelab/ignite/internal/config/config.go:233.32,235.3 1 2
homelab/ignite/internal/config/config.go:237.2,244.16 3 3
homelab/ignite/internal/config/config.go:244.16,246.3 1 1
homelab/ignite/internal/config/config.go:247.2,248.36 2 3
homelab/ignite/internal/config/config.go:248.36,250.3 1 1
homelab/ignite/internal/config/config.go:252.2,254.46 3 3
homelab/ignite/internal/config/config.go:254.46,257.3 2 9
homelab/ignite/internal/config/config.go:259.2,273.8 1 3
homelab/ignite/internal/config/config.go:285.76,287.16 2 4
homelab/ignite/internal/config/config.go:287.16,289.3 1 0
homelab/ignite/internal/config/config.go:290.2,291.16 2 4
homelab/ignite/internal/config/config.go:291.16,293.3 1 0
homelab/ignite/internal/config/config.go:295.2,296.38 2 4
homelab/ignite/internal/config/config.go:296.38,298.43 2 5
homelab/ignite/internal/config/config.go:298.43,299.12 1 2
homelab/ignite/internal/config/config.go:301.3,305.10 4 3
homelab/ignite/internal/config/config.go:306.56,307.75 1 1
homelab/ignite/internal/config/config.go:308.55,309.65 1 1
homelab/ignite/internal/config/config.go:313.2,313.25 1 4
homelab/ignite/internal/config/config.go:313.25,316.3 1 1
homelab/ignite/internal/config/config.go:317.2,317.20 1 3
homelab/ignite/internal/config/config.go:317.20,320.3 1 1
homelab/ignite/internal/config/config.go:321.2,321.12 1 2
homelab/ignite/internal/config/config.go:324.55,326.16 2 8
homelab/ignite/internal/config/config.go:326.16,328.3 1 0
homelab/ignite/internal/config/config.go:329.2,330.52 2 8
homelab/ignite/internal/config/config.go:330.52,332.3 1 0
homelab/ignite/internal/config/config.go:333.2,335.17 3 8
homelab/ignite/internal/config/config.go:338.63,339.26 1 28
homelab/ignite/internal/config/config.go:340.22,341.27 1 18
homelab/ignite/internal/config/config.go:341.27,343.18 2 20
homelab/ignite/internal/config/config.go:343.18,345.5 1 12
homelab/ignite/internal/config/config.go:346.4,346.40 1 20
homelab/ignite/internal/config/config.go:348.13,349.27 1 0
homelab/ignite/internal/config/config.go:349.27,351.4 1 0
homelab/ignite/internal/config/config.go:352.10,353.16 1 10
homelab/ignite/internal/onepassword/onepassword.go:14.23,17.2 2 0
homelab/ignite/internal/onepassword/onepassword.go:20.22,22.2 1 0
homelab/ignite/internal/onepassword/onepassword.go:26.21,32.2 5 0
homelab/ignite/internal/onepassword/onepassword.go:36.36,38.16 2 0
homelab/ignite/internal/onepassword/onepassword.go:38.16,40.3 1 0
homelab/ignite/internal/onepassword/onepassword.go:41.2,44.54 2 0
homelab/ignite/internal/onepassword/onepassword.go:44.54,46.3 1 0
homelab/ignite/internal/onepassword/onepassword.go:47.2,47.27 1 0
homelab/ignite/internal/onepassword/onepassword.go:52.49,55.32 3 0
homelab/ignite/internal/onepassword/onepassword.go:55.32,57.3 1 0
homelab/ignite/internal/onepassword/onepassword.go:58.2,58.12 1 0
homelab/ignite/internal/onepassword/onepassword.go:68.39,70.16 2 0
homelab/ignite/internal/onepassword/onepassword.go:70.16,72.3 1 0
homelab/ignite/internal/onepassword/onepassword.go:73.2,73.50 1 0
homelab/ignite/internal/ansible/ansible.go:19.41,20.26 1 0
homelab/ignite/internal/ansible/ansible.go:20.26,28.33 4 0
homelab/ignite/internal/ansible/ansible.go:28.33,39.4 1 0
homelab/ignite/internal/ansible/ansible.go:41.2,41.12 1 0
homelab/ignite/internal/ansible/ansible.go:49.56,57.32 8 0
homelab/ignite/internal/ansible/ansible.go:57.32,59.3 1 0
homelab/ignite/internal/ansible/ansible.go:60.2,60.12 1 0
